---
source: src/args.rs
expression: rendered
---

  ⣿ sculkr ⣿
  Runtime Configuration

  Pack root:   /home/user
  Mods:        no *.pw.toml files found here
  Cache:       /home/user/.packwiz-modlist.cache.json (not written yet)
  CF_API_KEY:  not set (CurseForge mods will fail)
  Output:      stdout
  Format:      - [{NAME}]({URL}) - {DESCRIPTION}\n
  Log level:   warn
